repo=/workspace/OrPiRa-portfolio
               
               
┌─────────────┐
│ Scan Status │
└─────────────┘
  Scanning 91 files tracked by git with 1077 Code rules:
                                                                                                                        
  Language      Rules   Files          Origin      Rules                                                                
 ─────────────────────────────        ───────────────────                                                               
  <multilang>      49      91          Community    1077                                                                
  ts              163      12                                                                                           
  json              4       9                                                                                           
  js              153       3                                                                                           
  yaml             36       1                                                                                           
  bash              4       1                                                                                           
                                                                                                                        
                
                
┌──────────────┐
│ Scan Summary │
└──────────────┘
✅ Scan completed successfully.
 • Findings: 3 (3 blocking)
 • Rules run: 253
 • Targets scanned: 91
 • Parsed lines: ~100.0%
 • Scan skipped: 
   ◦ Files larger than  files 1.0 MB: 4
 • Scan was limited to files tracked by git
 • For a detailed list of skipped files and lines, run semgrep with the --verbose flag
Ran 253 rules on 91 files: 3 findings.

A new version of Semgrep is available. See https://semgrep.dev/docs/upgrading

    ○
    │╲
    │ ○
    ○ ░
    ░    gitleaks

[90m1:38PM[0m [32mINF[0m [1m82 commits scanned.[0m
[90m1:38PM[0m [32mINF[0m [1mscanned ~1205807 bytes (1.21 MB) in 326ms[0m
[90m1:38PM[0m [33mWRN[0m [1mleaks found: 3[0m
{"level":"info-0","ts":"2026-08-26T13:38:02Z","logger":"trufflehog","msg":"running source","source_manager_worker_id":"cg7Vc","with_units":true}
{"level":"info-0","ts":"2026-08-26T13:38:08Z","logger":"trufflehog","msg":"finished scanning","chunks":44497,"bytes":361493086,"verified_secrets":0,"unverified_secrets":44,"scan_duration":"5.517586443s","trufflehog_version":"3.95.9","verification_caching":{"Hits":0,"Misses":0,"HitsWasted":0,"AttemptsSaved":0,"VerificationTimeSpentMS":0}}
2026-08-26T13:38:08Z	INFO	[vulndb] Need to update DB
2026-08-26T13:38:08Z	INFO	[vulndb] Downloading vulnerability DB...
2026-08-26T13:38:08Z	INFO	[vulndb] Downloading artifact...	repo="mirror.gcr.io/aquasec/trivy-db:2"
2026-08-26T13:38:15Z	INFO	[vulndb] Artifact successfully downloaded	repo="mirror.gcr.io/aquasec/trivy-db:2"
2026-08-26T13:38:15Z	INFO	[vuln] Vulnerability scanning is enabled
2026-08-26T13:38:15Z	INFO	[misconfig] Misconfiguration scanning is enabled
2026-08-26T13:38:15Z	INFO	[checks-client] Need to update the checks bundle
2026-08-26T13:38:15Z	INFO	[checks-client] Downloading the checks bundle...
2026-08-26T13:38:18Z	INFO	Suppressing dependencies for development and testing. To display them, try the '--include-dev-deps' flag.
2026-08-26T13:38:18Z	INFO	Number of language-specific files	num=1
2026-08-26T13:38:18Z	INFO	[npm] Detecting vulnerabilities...
2026-08-26T13:38:18Z	INFO	Detected config files	num=1

📣 [34mNotices:[0m
  - Version 0.74.0 of Trivy is now available, current version is 0.73.0

To suppress version checks, run Trivy scans with the --skip-version-check flag

